// Jest Snapshot v1, https://goo.gl/fbAQLP

exports[`renders everything correctly 1`] = `
Array [
  <div
    className="container"
  >
    <nav>
      <h1>
        Math Magicians
      </h1>
      <ul>
        <li>
          <a
            aria-current="page"
            className="active"
            href="/"
            onClick={[Function]}
            style={Object {}}
          >
            Home
          </a>
        </li>
        <li>
          <a
            aria-current={null}
            href="/calculator"
            onClick={[Function]}
          >
            Calculator
          </a>
        </li>
        <li>
          <a
            aria-current={null}
            href="/quote"
            onClick={[Function]}
          >
            Quote
          </a>
        </li>
      </ul>
    </nav>
     
    <div>
      <h2>
         
        Welcome to our Page!
      </h2>
      <p>
        Lorem ipsum dolor sit amet consectetur adipisicing elit. Molestiae commodi, fuga minima officia laboriosam consequatur dicta cumque natus dolorum doloribus architecto! Beatae iste enim neque eos. Deleniti aliquid dolorum eos. Lorem ipsum dolor sit amet consectetur adipisicing elit. Molestiae commodi, fuga minima officia laboriosam consequatur dicta cumque natus dolorum doloribus architecto! Beatae iste enim neque eos. Deleniti aliquid dolorum eos.
      </p>
      <p>
        Lorem ipsum dolor sit amet consectetur adipisicing elit. Molestiae commodi, fuga minima officia laboriosam consequatur dicta cumque natus dolorum doloribus architecto! Beatae iste enim neque eos. Deleniti aliquid dolorum eos. Lorem ipsum dolor sit amet consectetur adipisicing elit. Molestiae commodi, fuga minima officia laboriosam consequatur dicta cumque natus dolorum doloribus architecto! Beatae iste enim neque eos. Deleniti aliquid dolorum eos. Lorem ipsum dolor sit amet consectetur adipisicing elit. Molestiae commodi, fuga minima officia laboriosam consequatur dicta cumque natus dolorum doloribus architecto! Beatae iste enim neque eos. Deleniti aliquid dolorum eos.
      </p>
    </div>
     
  </div>,
  <footer>
    Made by Yen with ðŸ’œ 
  </footer>,
]
`;
