// Jest Snapshot v1, https://goo.gl/fbAQLP

exports[`should render correctly 1`] = `
<footer>
  Made by Yen with ðŸ’œ 
</footer>
`;
